src/components/NotificationCenter.tsx(10,10): error TS6133: 'getInitials' is declared but its value is never read.
src/components/NotificationCenter.tsx(10,23): error TS6133: 'getAvatarColor' is declared but its value is never read.
src/lib/proactiveMaintenanceCheck.ts(61,44): error TS2345: Argument of type '(e: EquipmentRow) => string' is not assignable to parameter of type '(value: { id: any; client_id: any; name: any; equipment_type: any; status: any; client: { company_name: any; phone: any; }[]; }, index: number, array: { id: any; client_id: any; name: any; equipment_type: any; status: any; client: { ...; }[]; }[]) => string'.
  Types of parameters 'e' and 'value' are incompatible.
    Type '{ id: any; client_id: any; name: any; equipment_type: any; status: any; client: { company_name: any; phone: any; }[]; }' is not assignable to type 'EquipmentRow'.
      Types of property 'client' are incompatible.
        Type '{ company_name: any; phone: any; }[]' is missing the following properties from type '{ company_name: string; phone: string | null; }': company_name, phone
src/lib/proactiveMaintenanceCheck.ts(96,26): error TS2352: Conversion of type '{ id: any; client_id: any; name: any; equipment_type: any; status: any; client: { company_name: any; phone: any; }[]; }[]' to type 'EquipmentRow[]' may be a mistake because neither type sufficiently overlaps with the other. If this was intentional, convert the expression to 'unknown' first.
  Type '{ id: any; client_id: any; name: any; equipment_type: any; status: any; client: { company_name: any; phone: any; }[]; }' is not comparable to type 'EquipmentRow'.
    Types of property 'client' are incompatible.
      Type '{ company_name: any; phone: any; }[]' is missing the following properties from type '{ company_name: string; phone: string | null; }': company_name, phone
src/lib/proactiveMaintenanceCheck.ts(107,44): error TS2339: Property 'frequency_months' does not exist on type 'number'.
src/lib/reportGenerator.ts(69,65): error TS6133: 'icon' is declared but its value is never read.
src/lib/reportGenerator.ts(98,10): error TS6133: 'drawProgressBar' is declared but its value is never read.
src/lib/reportGenerator.ts(207,24): error TS2556: A spread argument must either have a tuple type or be passed to a rest parameter.
src/lib/waAutomation.ts(102,48): error TS18047: 'refData' is possibly 'null'.
src/lib/waAutomation.ts(103,47): error TS18047: 'refData' is possibly 'null'.
src/pages/Dashboard.tsx(76,9): error TS6133: 'reportPresetLabel' is declared but its value is never read.
src/pages/Dashboard.tsx(442,11): error TS6133: 'projInvMap' is declared but its value is never read.
src/pages/Finance/FieldExpenses.tsx(69,30): error TS2339: Property 'description' does not exist on type 'FieldExpense'.
src/pages/Fleet/VehicleDetail/VehicleDetail.tsx(7,23): error TS6133: 'ScheduleStatus' is declared but its value is never read.
src/pages/Maintenance/EquipmentDetail/EquipmentDetail.tsx(6,20): error TS6133: 'FunctionalityStatus' is declared but its value is never read.
src/pages/Maintenance/MaintenanceDashboard.tsx(11,36): error TS6133: 'formatCurrencyMaint' is declared but its value is never read.
src/pages/Maintenance/MaintenanceDashboard.tsx(12,5): error TS6133: 'EquipmentStatus' is declared but its value is never read.
src/pages/Maintenance/MaintenanceDashboard.tsx(13,32): error TS6133: 'ProactiveAlertStatus' is declared but its value is never read.
src/pages/Maintenance/MaintenanceDashboard.tsx(102,13): error TS2304: Cannot find name 'res'.
src/pages/Maintenance/MaintenanceDashboard.tsx(107,28): error TS2304: Cannot find name 'res'.
src/pages/Maintenance/MaintenanceDashboard.tsx(108,35): error TS2304: Cannot find name 'res'.
src/pages/Maintenance/MaintenanceDashboard.tsx(109,34): error TS2304: Cannot find name 'res'.
src/pages/Maintenance/MaintenanceDashboard.tsx(111,40): error TS2304: Cannot find name 'res'.
src/pages/Maintenance/MaintenanceDashboard.tsx(113,30): error TS2304: Cannot find name 'res'.
src/pages/Maintenance/MaintenanceDashboard.tsx(174,21): error TS2304: Cannot find name 'autoRes'.
src/pages/Maintenance/MaintenanceDashboard.tsx(178,42): error TS2304: Cannot find name 'autoRes'.
src/pages/Maintenance/MaintenanceDashboard.tsx(178,75): error TS2304: Cannot find name 'autoRes'.
src/pages/Maintenance/MaintenanceDashboard.tsx(178,163): error TS2304: Cannot find name 'autoRes'.
src/pages/Maintenance/MaintenanceDashboard.tsx(179,38): error TS2304: Cannot find name 'autoRes'.
src/pages/Maintenance/MaintenanceDashboard.tsx(709,10): error TS6133: 'ScheduleCard' is declared but its value is never read.
src/pages/Projects/ProjectDetail/ProjectDetail.tsx(1372,51): error TS6133: 'val' is declared but its value is never read.
src/pages/Projects/ProjectDetail/ProjectDetail.tsx(1501,41): error TS2322: Type '{ photos: { id: string; url: string; context: string; }[]; onPhotosChange: (photos: PhotoAttachment[]) => void; folder: string; uploaderName: string; compact: true; maxPhotos: number; }' is not assignable to type 'IntrinsicAttributes & PhotoUploaderProps'.
  Property 'maxPhotos' does not exist on type 'IntrinsicAttributes & PhotoUploaderProps'. Did you mean 'photos'?
src/pages/Quotes/QuoteDetail.tsx(259,27): error TS6133: 'payment' is declared but its value is never read.
src/pages/Settings/SystemSettings.tsx(10,14): error TS6133: 'ModulePermissions' is declared but its value is never read.
src/pages/WhatsApp/WhatsAppRules.tsx(6,31): error TS6133: 'META_STATUS_COLORS' is declared but its value is never read.
src/pages/WhatsApp/WhatsAppRules.tsx(6,51): error TS6133: 'TEMPLATE_CATEGORY_ICONS' is declared but its value is never read.
